// Vitest Snapshot v1, https://vitest.dev/guide/snapshot.html

exports[`render on node environments > that it properly waits for Suepsense boundaries to resolve before resolving 1`] = `
"<!DOCTYPE html PUBLIC "-//W3C//DTD XHTML 1.0 Transitional//EN" "http://www.w3.org/TR/xhtml1/DTD/xhtml1-transitional.dtd"><!--$?--><template id="B:0"></template><!--/$--><div hidden id="S:0"><div><!doctype html>
<html>
<head>
    <title>Example Domain</title>

    <meta charset="utf-8" />
    <meta http-equiv="Content-type" content="text/html; charset=utf-8" />
    <meta name="viewport" content="width=device-width, initial-scale=1" />
    <style type="text/css">
    body {
        background-color: #f0f0f2;
        margin: 0;
        padding: 0;
        font-family: -apple-system, system-ui, BlinkMacSystemFont, "Segoe UI", "Open Sans", "Helvetica Neue", Helvetica, Arial, sans-serif;
        
    }
    div {
        width: 600px;
        margin: 5em auto;
        padding: 2em;
        background-color: #fdfdff;
        border-radius: 0.5em;
        box-shadow: 2px 3px 7px 2px rgba(0,0,0,0.02);
    }
    a:link, a:visited {
        color: #38488f;
        text-decoration: none;
    }
    @media (max-width: 700px) {
        div {
            margin: 0 auto;
            width: auto;
        }
    }
    </style>    
</head>

<body>
<div>
    <h1>Example Domain</h1>
    <p>This domain is for use in illustrative examples in documents. You may use this
    domain in literature without prior coordination or asking for permission.</p>
    <p><a href="https://www.iana.org/domains/example">More information...</a></p>
</div>
</body>
</html>
</div></div><script>$RC=function(b,c,e){c=document.getElementById(c);c.parentNode.removeChild(c);var a=document.getElementById(b);if(a){b=a.previousSibling;if(e)b.data="$!",a.setAttribute("data-dgst",e);else{e=b.parentNode;a=b.nextSibling;var f=0;do{if(a&&8===a.nodeType){var d=a.data;if("/$"===d)if(0===f)break;else f--;else"$"!==d&&"$?"!==d&&"$!"!==d||f++}d=a.nextSibling;e.removeChild(a);a=d}while(a);for(;c.firstChild;)e.insertBefore(c.firstChild,a);b.data="$"}b._reactRetry&&b._reactRetry()}};$RC("B:0","S:0")</script>"
`;
